     1                                  %include "config.inc"
     1                              <1> %define ADDR_SEG_MBR_PROG 0x07c0
     2                              <1> %define ADDR_SEG_SET_PROG 0x9f00
     3                              <1> %define ADDR_SEG_INI_PROG 0x9000
     4                              <1> %define ADDR_SEG_SYS_PROG 0x1000
     5                              <1> 
     6                              <1> %macro gdt_null 0
     7                              <1>     dw 0, 0
     8                              <1>     db 0
     9                              <1>     dw 0
    10                              <1>     db 0
    11                              <1> %endmacro
    12                              <1> 
    13                              <1> %macro gdt_segment 4
    14                              <1>     ; seg (base, limit, attribute, type)
    15                              <1>     dw ((%2) & 0xffff), ((%1) & 0xffff)
    16                              <1>     db ((%1) >> 16) & 0xff
    17                              <1>     dw (((%2) >> 8) & 0xf00) | ((%3) & 0xff) | (((%4) & 0xf) << 12)
    18                              <1>     db ((%1) >> 24) & 0xff
    19                              <1> %endmacro
    20                              <1> 
    21                              <1> ; program segment
    22                              <1> %define sta_prog_d          0x80     ; 数据段
    23                              <1> %define sta_prog_x          0x88     ; 可执行段
    24                              <1> %define sta_prog_xc         0x04     ; 符合要求的代码段(仅可执行)
    25                              <1> %define sta_prog_gd         0x04     ; 向下展开(不可执行的段), 栈
    26                              <1> %define sta_prog_xr         0x02     ; 可读(可执行段)
    27                              <1> %define sta_prog_wr         0x02     ; 可写(不可执行段)
    28                              <1> %define sta_prog_dt         0x01     ; 已访问(脏)
    29                              <1> ; program segment
    30                              <1> %define sta_sys_tss16       0x01     ; 可用的16位TSS
    31                              <1> %define sta_sys_ldt         0x02     ; 本地描述符表LDT
    32                              <1> %define sta_sys_tss16_buzy  0x03     ; 繁忙的16位TSS
    33                              <1> %define sta_sys_callgate16  0x04     ; 16位呼叫门
    34                              <1> %define sta_sys_taskgate    0x05     ; 任务门/Coum传输
    35                              <1> %define sta_sys_intgate16   0x06     ; 16位中断门
    36                              <1> %define sta_sys_trapgate16  0x07     ; 16位陷阱门
    37                              <1> %define sta_sys_tss32       0x09     ; 可用的32位TSS
    38                              <1> %define sta_sys_tss32_buzy  0x0b     ; 繁忙的32位TSS
    39                              <1> %define sta_sys_callgate32  0x0c     ; 32位调用门
    40                              <1> %define sta_sys_intgate32   0x0e     ; 32位中断门
    41                              <1> %define sta_sys_trapgate32  0x0f     ; 32位陷阱门
    42                              <1> ; other attribute
    43                              <1> %define sta_level0          0x00
    44                              <1> %define sta_level1          0x20
    45                              <1> %define sta_level2          0x40
    46                              <1> %define sta_level3          0x60
    47                              <1> %define sta_existent        0x10
    48                              <1> %define sta_non_existent    0x00
    49                              <1> ; other type
    50                              <1> %define stt_32def           0x04
    51                              <1> %define stt_32c16           0x00
    52                              <1> %define stt_64def           0x02
    53                              <1> %define stt_val             0x01
    54                              <1> %define stt_limitalign4kb   0x08
    55                              <1> 
    56                              <1> ; MBR struction
    57                              <1> %macro mbr_null 0
    58                              <1>     db 0x00, 0x00
    59                              <1>     dw 0x02
    60                              <1>     db 0x5b, 0xff
    61                              <1>     dw 0xffff
    62                              <1>     dd 0x00000001
    63                              <1>     dd 0xffffffff
    64                              <1> %endmacro
     2                                  org ADDR_SEG_MBR_PROG << 4
     3                                  bits 16
     4                                  
     5 00000000 EB61                    jmp _start
     6                                  
     7                                  ident:
     8 00000002 73796D626F6C2D6F73-         .flag       db "symbol-os", 0
     8 0000000B 00                 
     9 0000000C 0003                        .version    dw 0x0300
    10 0000000E 55AA                        .magic      db 0x55, 0xaa
    11                                  packet:
    12 00000010 1000                        .size       dw 0x0010
    13 00000012 0100                        .count      dw 0x0001
    14 00000014 007E                        .offset     dw 0x7e00
    15 00000016 0000                        .segment    dw 0x0000
    16 00000018 0100000000000000            .address    dq 0x0000000000000001
    17 00000020 0000000000000000            .ptr        dq 0x0000000000000000
    18                                  gdt:
    19                                      .null   gdt_null
    19                              <1>  .null :
     7 00000028 00000000            <1>  dw 0, 0
     8 0000002C 00                  <1>  db 0
     9 0000002D 0000                <1>  dw 0
    10 0000002F 00                  <1>  db 0
    20                                      .code   gdt_segment 0x00000000, 0xffffffff, sta_prog_x | sta_prog_xr, stt_32def | stt_limitalign4kb
    20                              <1>  .code :
    14                              <1> 
    15 00000030 FFFF0000            <1>  dw ((%2) & 0xffff), ((%1) & 0xffff)
    16 00000034 00                  <1>  db ((%1) >> 16) & 0xff
    17 00000035 8ACF                <1>  dw (((%2) >> 8) & 0xf00) | ((%3) & 0xff) | (((%4) & 0xf) << 12)
    18 00000037 00                  <1>  db ((%1) >> 24) & 0xff
    21                                      .data   gdt_segment 0x00000000, 0xffffffff, sta_prog_d | sta_prog_wr, stt_32def | stt_limitalign4kb
    21                              <1>  .data :
    14                              <1> 
    15 00000038 FFFF0000            <1>  dw ((%2) & 0xffff), ((%1) & 0xffff)
    16 0000003C 00                  <1>  db ((%1) >> 16) & 0xff
    17 0000003D 82CF                <1>  dw (((%2) >> 8) & 0xf00) | ((%3) & 0xff) | (((%4) & 0xf) << 12)
    18 0000003F 00                  <1>  db ((%1) >> 24) & 0xff
    22                                      .stack  gdt_segment 0x00008000, 0x08000 - 0x00500, sta_prog_d | sta_prog_wr | sta_prog_gd, stt_32def
    22                              <1>  .stack :
    14                              <1> 
    15 00000040 007B0080            <1>  dw ((%2) & 0xffff), ((%1) & 0xffff)
    16 00000044 00                  <1>  db ((%1) >> 16) & 0xff
    17 00000045 8640                <1>  dw (((%2) >> 8) & 0xf00) | ((%3) & 0xff) | (((%4) & 0xf) << 12)
    18 00000047 00                  <1>  db ((%1) >> 24) & 0xff
    23                                      .end:
    24                                  gdt_info:
    25 00000048 2000                        dw gdt.end - gdt
    26 0000004A [28000000]                  dd gdt
    27                                  idt_info:
    28 0000004E 0000<rep 3h>                times 3 dw 0
    29                                  messages:
    30 00000054 5B4C31363A3A657272-         .err_head       db "[L16::err(", 0
    30 0000005D 2800               
    31 0000005F 295D2000                    .err_foot       db ")] ", 0
    32                                  _start:
    33 00000063 31C0                        xor ax, ax
    34 00000065 8ED0                        mov ss, ax
    35 00000067 8EC0                        mov es, ax
    36 00000069 8ED8                        mov ds, ax
    37 0000006B B8007C                      mov ax, ADDR_SEG_MBR_PROG << 4
    38 0000006E 89C4                        mov sp, ax
    39 00000070 89C5                        mov bp, ax
    40 00000072 89C6                        mov si, ax
    41 00000074 89C7                        mov di, ax
    42 00000076 8816[0E00]                  mov [ident.magic], dl
    43                                  check_int13hx:
    44 0000007A B441                        mov ah, 0x41
    45 0000007C BBAA55                      mov bx, 0x55aa
    46 0000007F CD13                        int 0x13
    47 00000081 B80100                      mov ax, 0x0001
    48 00000084 7251                        jc errors
    49 00000086 81FB55AA                    cmp bx, 0xaa55
    50 0000008A 754B                        jne errors
    51                                  read_sdmpart:
    52 0000008C B442                        mov ah, 0x42
    53 0000008E 8A16[0E00]                  mov dl, [ident.magic]
    54 00000092 BE[1000]                    mov si, packet
    55 00000095 CD13                        int 0x13
    56 00000097 B80200                      mov ax, 0x0002
    57 0000009A 723B                        jc errors
    58 0000009C B90400                      mov cx, 0x04
    59 0000009F BE107E                      mov si, 0x7e10
    60 000000A2 BF[1800]                    mov di, packet.address
    61                                      .loop:
    62 000000A5 8B04                            mov ax, [si]
    63 000000A7 8905                            mov [di], ax
    64 000000A9 83C602                          add si, 0x02
    65 000000AC 83C702                          add di, 0x02
    66 000000AF E2F4                            loop .loop
    67 000000B1 8B04                        mov ax, [si]
    68 000000B3 A3[1200]                    mov [packet.count], ax
    69                                  read_bootsect:
    70 000000B6 C706[1400]0000              mov word [packet.offset], 0x0000
    71 000000BC C706[1600]009F              mov word [packet.segment], ADDR_SEG_SET_PROG
    72 000000C2 B442                        mov ah, 0x42
    73 000000C4 8A16[0E00]                  mov dl, [ident.magic]
    74 000000C8 BE[1000]                    mov si, packet
    75 000000CB CD13                        int 0x13
    76 000000CD B80300                      mov ax, 0x0003
    77 000000D0 7205                        jc errors
    78 000000D2 EA0000009F                  jmp ADDR_SEG_SET_PROG:0
    79                                  errors:
    80 000000D7 50                          push ax
    81 000000D8 B402                        mov ah, 0x02
    82 000000DA 31DB                        xor bx, bx
    83 000000DC 31D2                        xor dx, dx
    84 000000DE CD10                        int 0x10
    85 000000E0 B406                        mov ah, 0x06
    86 000000E2 31C9                        xor cx, cx
    87 000000E4 88C8                        mov al, cl
    88 000000E6 BAFFFF                      mov dx, 0xffff
    89 000000E9 B707                        mov bh, 0x07
    90 000000EB CD10                        int 0x10
    91 000000ED BE[5400]                    mov si, messages.err_head
    92 000000F0 E80D00                      call puts
    93 000000F3 58                          pop ax
    94 000000F4 50                          push ax
    95 000000F5 E81500                      call putx
    96 000000F8 BE[5F00]                    mov si, messages.err_foot
    97 000000FB E80200                      call puts
    98                                  dead:
    99 000000FE EBFE                        jmp $
   100                                  puts:               ; void puts (si)
   101                                      .puts_loop:
   102 00000100 8A04                            mov al, [si]
   103 00000102 46                              inc si
   104 00000103 84C0                            test al, al
   105 00000105 7405                            jz .puts_ret
   106 00000107 E82200                          call putc
   107 0000010A EBF4                            jmp .puts_loop
   108                                      .puts_ret:
   109 0000010C C3                              ret
   110                                  putx:               ; void putx (ax)
   111 0000010D B90400                      mov cx, 4
   112                                      .putx_loop:
   113 00000110 50                              push ax
   114 00000111 C1E80C                          shr ax, 12
   115 00000114 89C6                            mov si, ax
   116 00000116 3C0A                            cmp al, 0x0a
   117 00000118 7D04                            jge .big10
   118 0000011A 0430                                add al, '0'
   119 0000011C EB02                                jmp .show
   120                                          .big10:
   121 0000011E 0457                                add al, 'a'-10
   122                                          .show:
   123 00000120 51                              push cx
   124 00000121 E80800                          call putc
   125 00000124 59                              pop cx
   126 00000125 58                              pop ax
   127 00000126 C1E004                          shl ax, 4
   128 00000129 E2E5                        loop .putx_loop
   129 0000012B C3                          ret
   130                                  putc:               ; void putc (al)
   131 0000012C B40E                        mov ah, 0x0e
   132 0000012E BB0F00                      mov bx, 0x0f
   133 00000131 CD10                        int 0x10
   134 00000133 C3                          ret
   135                                  
   136 00000134 00<rep 8Ah>             times (510-64)-($-$$) db 0x00
   137                                  
   138                                  mbr_null
    58 000001BE 0000                <1>  db 0x00, 0x00
    59 000001C0 0200                <1>  dw 0x02
    60 000001C2 5BFF                <1>  db 0x5b, 0xff
    61 000001C4 FFFF                <1>  dw 0xffff
    62 000001C6 01000000            <1>  dd 0x00000001
    63 000001CA FFFFFFFF            <1>  dd 0xffffffff
   139                                  
   140 000001CE 00<rep 30h>             times (512-2)-($-$$) db 0x00
   141 000001FE 55AA                    db 0x55, 0xaa
